Microchip MPLAB XC8 Compiler V2.30

Linker command line:

-W-3 --edf=C:\Program Files\Microchip\xc8\v2.30\pic\dat\en_msgs.txt -cn \
  -h+dist/default/production\2_LCD_16F15313.X.production.sym \
  --cmf=dist/default/production\2_LCD_16F15313.X.production.cmf -z \
  -Q16F15313 -oC:\Users\jlara\AppData\Local\Temp\s1130x2 \
  --defsym=__MPLAB_BUILD=1 \
  -Mdist/default/production/2_LCD_16F15313.X.production.map -E1 \
  -ver=XC8 Compiler --acfsm=1493 -ASTACK=0206Eh-020EFh -pstack=STACK \
  -ACODE=00h-07FFh -ASTRCODE=00h-07FFh -ASTRING=00h-0FFhx8 \
  -ACONST=00h-0FFhx8 -AENTRY=00h-0FFhx8 -ACOMMON=070h-07Fh \
  -ABANK0=020h-06Fh -ABANK1=0A0h-0EFh -ABANK2=0120h-016Fh \
  -ABIGRAM=02000h-020EFh -ARAM=020h-06Fh,0A0h-0EFh,0120h-016Fh \
  -AABS1=020h-07Fh,0A0h-0EFh,0120h-016Fh -ASFR0=00h-01Fh -ASFR1=080h-09Fh \
  -ASFR2=0100h-011Fh -ASFR3=0180h-01EFh -ASFR4=0200h-026Fh \
  -ASFR5=0280h-02EFh -ASFR6=0300h-036Fh -ASFR7=0380h-03EFh \
  -ASFR8=0400h-046Fh -ASFR9=0480h-04EFh -ASFR10=0500h-056Fh \
  -ASFR11=0580h-05EFh -ASFR12=0600h-066Fh -ASFR13=0680h-06EFh \
  -ASFR14=0700h-076Fh -ASFR15=0780h-07EFh -ASFR16=0800h-086Fh \
  -ASFR17=0880h-08EFh -ASFR18=0900h-096Fh -ASFR19=0980h-09EFh \
  -ASFR20=0A00h-0A6Fh -ASFR21=0A80h-0AEFh -ASFR22=0B00h-0B6Fh \
  -ASFR23=0B80h-0BEFh -ASFR24=0C00h-0C6Fh -ASFR25=0C80h-0CEFh \
  -ASFR26=0D00h-0D6Fh -ASFR27=0D80h-0DEFh -ASFR28=0E00h-0E6Fh \
  -ASFR29=0E80h-0EEFh -ASFR30=0F00h-0F6Fh -ASFR31=0F80h-0FEFh \
  -ASFR32=01000h-0106Fh -ASFR33=01080h-010EFh -ASFR34=01100h-0116Fh \
  -ASFR35=01180h-011EFh -ASFR36=01200h-0126Fh -ASFR37=01280h-012EFh \
  -ASFR38=01300h-0136Fh -ASFR39=01380h-013EFh -ASFR40=01400h-0146Fh \
  -ASFR41=01480h-014EFh -ASFR42=01500h-0156Fh -ASFR43=01580h-015EFh \
  -ASFR44=01600h-0166Fh -ASFR45=01680h-016EFh -ASFR46=01700h-0176Fh \
  -ASFR47=01780h-017EFh -ASFR48=01800h-0186Fh -ASFR49=01880h-018EFh \
  -ASFR50=01900h-0196Fh -ASFR51=01980h-019EFh -ASFR52=01A00h-01A6Fh \
  -ASFR53=01A80h-01AEFh -ASFR54=01B00h-01B6Fh -ASFR55=01B80h-01BEFh \
  -ASFR56=01C00h-01C6Fh -ASFR57=01C80h-01CEFh -ASFR58=01D00h-01D6Fh \
  -ASFR59=01D80h-01DEFh -ASFR60=01E00h-01E6Fh -ASFR61=01E80h-01EEFh \
  -ASFR62=01F00h-01F6Fh -ASFR63=01F80h-01FEFh -ACONFIG=08007h-0800Bh \
  -DCONFIG=2 -AIDLOC=08000h-08003h -DIDLOC=2 -DCODE=2 -DSTRCODE=2 \
  -DSTRING=2 -DCONST=2 -DENTRY=2 -preset_vec=00h,intentry=04h,init,end_init \
  -ppowerup=CODE -pcinit=CODE -pfunctab=ENTRY -k \
  C:\Users\jlara\AppData\Local\Temp\s1130xb.o \
  dist/default/production\2_LCD_16F15313.X.production.o 

Object code version is 3.11

Machine type is 16F15313



                Name                               Link     Load   Length Selector   Space Scale
C:\Users\jlara\AppData\Local\Temp\s1130xb.o
                end_init                             25       25        1        8       0
                reset_vec                             0        0        1        0       0
                config                             8007     8007        5        0       4
dist/default/production\2_LCD_16F15313.X.production.o
                cinit                                26       26       1B        8       0
                intentry                              4        4       21        8       0
                config                             8007     8007        5        0       4
                text74                              6BB      6BB        3      BFC       0
                text73                              6B8      6B8        3      BFC       0
                text72                              3BA      3BA       26      564       0
                text71                              5E6      5E6        D      B98       0
                text70                              587      587        F      564       0
                text69                              55F      55F       16      564       0
                text68                              549      549       16      564       0
                text67                              533      533       16      564       0
                text66                              51D      51D       16      564       0
                text65                              507      507       16      564       0
                text64                              47A      47A       1B      564       0
                text63                              4F1      4F1       16      564       0
                text62                              4DB      4DB       16      564       0
                text61                              4C5      4C5       16      564       0
                text60                              45F      45F       1B      564       0
                text59                              6C0      6C0        2      BFC       0
                text58                              6BE      6BE        2      BFC       0
                text57                              6B5      6B5        3      BFC       0
                text56                              699      699        4      BFC       0
                text55                              6B2      6B2        3      BFC       0
                text54                              695      695        4      BFC       0
                text53                              68C      68C        5      BFC       0
                text52                              64A      64A        6      BFC       0
                text51                              6AF      6AF        3      BFC       0
                text50                              2B2      2B2       2F      564       0
                text49                              687      687        5      BFC       0
                text48                              611      611        9      BFC       0
                text47                              622      622        8      BFC       0
                text46                               EB       EB       58        8       0
                text45                              18F      18F       47        8       0
                text44                              631      631        7      BFC       0
                text43                              682      682        5      BFC       0
                text42                              67D      67D        5      BFC       0
                text41                              678      678        5      BFC       0
                text40                              673      673        5      BFC       0
                text39                              66E      66E        5      BFC       0
                text38                              669      669        5      BFC       0
                text37                              664      664        5      BFC       0
                text36                              65F      65F        5      BFC       0
                text35                              367      367       2C      564       0
                text34                              6AC      6AC        3      BFC       0
                text33                              2E1      2E1       2E      564       0
                text32                              691      691        4      BFC       0
                text30                              608      608        9      BFC       0
                text29                              5FE      5FE        A      BFC       0
                text28                              495      495       19      564       0
                text27                              61A      61A        8      BFC       0
                text26                              5D9      5D9        D      B98       0
                text25                              65A      65A        5      BFC       0
                text24                              6A9      6A9        3      BFC       0
                text23                              6A6      6A6        3      BFC       0
                text22                              6A3      6A3        3      BFC       0
                text21                              402      402       21      564       0
                text20                              6A0      6A0        3      BFC       0
                text19                              423      423       20      564       0
                text18                              655      655        5      BFC       0
                text17                              69D      69D        3      BFC       0
                text16                              5CC      5CC        D      B98       0
                text15                              644      644        6      BFC       0
                text14                              143      143       4C        8       0
                text13                              393      393       27      564       0
                text12                              5A4      5A4        E      B48       0
                text11                              4AE      4AE       17      564       0
                text10                              33B      33B       2C      564       0
                text9                               443      443       1C      564       0
                text8                               24C      24C       36        8       0
                text7                               650      650        5      BFC       0
                text6                               575      575       12      564       0
                text5                               62A      62A        7      BFC       0
                text4                               1D6      1D6       3C        8       0
                text3                               212      212       3A        8       0
                text2                               30F      30F       2C      564       0
                text1                               3E0      3E0       22      564       0
                maintext                             41       41       AA        8       0
                cstackBANK0                          20       20       35       20       1
                cstackCOMMON                         70       70        D       70       1
                clrtext                             63E      63E        6      BFC       0
                inittext                            638      638        6      BFC       0
                bssBANK1                             A0       A0       1E       A0       1
                dataBANK0                            55       55        D       20       1
                bssBANK0                             62       62        4       20       1
                stringtext4                         5F3      5F3        B      BE6       0
                stringtext3                         5BF      5BF        D      B7E       0
                stringtext2                         596      596        E      B2C       0
                stringtext1                         282      282       30      504       0
                idataBANK0                          5B2      5B2        D      B48       0

TOTAL           Name                               Link     Load   Length     Space
        CLASS   STACK          

        CLASS   CODE           
                end_init                             25       25        1         0
                cinit                                26       26       1B         0
                intentry                              4        4       21         0
                reset_vec                             0        0        1         0
                text74                              6BB      6BB        3         0
                text73                              6B8      6B8        3         0
                text72                              3BA      3BA       26         0
                text71                              5E6      5E6        D         0
                text70                              587      587        F         0
                text69                              55F      55F       16         0
                text68                              549      549       16         0
                text67                              533      533       16         0
                text66                              51D      51D       16         0
                text65                              507      507       16         0
                text64                              47A      47A       1B         0
                text63                              4F1      4F1       16         0
                text62                              4DB      4DB       16         0
                text61                              4C5      4C5       16         0
                text60                              45F      45F       1B         0
                text59                              6C0      6C0        2         0
                text58                              6BE      6BE        2         0
                text57                              6B5      6B5        3         0
                text56                              699      699        4         0
                text55                              6B2      6B2        3         0
                text54                              695      695        4         0
                text53                              68C      68C        5         0
                text52                              64A      64A        6         0
                text51                              6AF      6AF        3         0
                text50                              2B2      2B2       2F         0
                text49                              687      687        5         0
                text48                              611      611        9         0
                text47                              622      622        8         0
                text46                               EB       EB       58         0
                text45                              18F      18F       47         0
                text44                              631      631        7         0
                text43                              682      682        5         0
                text42                              67D      67D        5         0
                text41                              678      678        5         0
                text40                              673      673        5         0
                text39                              66E      66E        5         0
                text38                              669      669        5         0
                text37                              664      664        5         0
                text36                              65F      65F        5         0
                text35                              367      367       2C         0
                text34                              6AC      6AC        3         0
                text33                              2E1      2E1       2E         0
                text32                              691      691        4         0
                text30                              608      608        9         0
                text29                              5FE      5FE        A         0
                text28                              495      495       19         0
                text27                              61A      61A        8         0
                text26                              5D9      5D9        D         0
                text25                              65A      65A        5         0
                text24                              6A9      6A9        3         0
                text23                              6A6      6A6        3         0
                text22                              6A3      6A3        3         0
                text21                              402      402       21         0
                text20                              6A0      6A0        3         0
                text19                              423      423       20         0
                text18                              655      655        5         0
                text17                              69D      69D        3         0
                text16                              5CC      5CC        D         0
                text15                              644      644        6         0
                text14                              143      143       4C         0
                text13                              393      393       27         0
                text12                              5A4      5A4        E         0
                text11                              4AE      4AE       17         0
                text10                              33B      33B       2C         0
                text9                               443      443       1C         0
                text8                               24C      24C       36         0
                text7                               650      650        5         0
                text6                               575      575       12         0
                text5                               62A      62A        7         0
                text4                               1D6      1D6       3C         0
                text3                               212      212       3A         0
                text2                               30F      30F       2C         0
                text1                               3E0      3E0       22         0
                maintext                             41       41       AA         0
                clrtext                             63E      63E        6         0
                inittext                            638      638        6         0
                idataBANK0                          5B2      5B2        D         0

        CLASS   STRCODE        
                stringtext4                         5F3      5F3        B         0
                stringtext3                         5BF      5BF        D         0
                stringtext2                         596      596        E         0
                stringtext1                         282      282       30         0

        CLASS   STRING         

        CLASS   CONST          

        CLASS   ENTRY          

        CLASS   COMMON         
                cstackCOMMON                         70       70        D         1

        CLASS   BANK0          
                cstackBANK0                          20       20       35         1
                dataBANK0                            55       55        D         1
                bssBANK0                             62       62        4         1

        CLASS   BANK1          
                bssBANK1                             A0       A0       1E         1

        CLASS   BANK2          

        CLASS   BIGRAM         

        CLASS   RAM            

        CLASS   ABS1           
                abs_s1                               7E       7E        2         1

        CLASS   SFR0           

        CLASS   SFR1           

        CLASS   SFR2           

        CLASS   SFR3           

        CLASS   SFR4           

        CLASS   SFR5           

        CLASS   SFR6           

        CLASS   SFR7           

        CLASS   SFR8           

        CLASS   SFR9           

        CLASS   SFR10          

        CLASS   SFR11          

        CLASS   SFR12          

        CLASS   SFR13          

        CLASS   SFR14          

        CLASS   SFR15          

        CLASS   SFR16          

        CLASS   SFR17          

        CLASS   SFR18          

        CLASS   SFR19          

        CLASS   SFR20          

        CLASS   SFR21          

        CLASS   SFR22          

        CLASS   SFR23          

        CLASS   SFR24          

        CLASS   SFR25          

        CLASS   SFR26          

        CLASS   SFR27          

        CLASS   SFR28          

        CLASS   SFR29          

        CLASS   SFR30          

        CLASS   SFR31          

        CLASS   SFR32          

        CLASS   SFR33          

        CLASS   SFR34          

        CLASS   SFR35          

        CLASS   SFR36          

        CLASS   SFR37          

        CLASS   SFR38          

        CLASS   SFR39          

        CLASS   SFR40          

        CLASS   SFR41          

        CLASS   SFR42          

        CLASS   SFR43          

        CLASS   SFR44          

        CLASS   SFR45          

        CLASS   SFR46          

        CLASS   SFR47          

        CLASS   SFR48          

        CLASS   SFR49          

        CLASS   SFR50          

        CLASS   SFR51          

        CLASS   SFR52          

        CLASS   SFR53          

        CLASS   SFR54          

        CLASS   SFR55          

        CLASS   SFR56          

        CLASS   SFR57          

        CLASS   SFR58          

        CLASS   SFR59          

        CLASS   SFR60          

        CLASS   SFR61          

        CLASS   SFR62          

        CLASS   SFR63          

        CLASS   CONFIG         
                config                             8007     8007        5         4

        CLASS   IDLOC          

        CLASS   BANK63         

        CLASS   BANK62         

        CLASS   BANK61         

        CLASS   BANK60         

        CLASS   BANK59         

        CLASS   BANK58         

        CLASS   BANK57         

        CLASS   BANK56         

        CLASS   BANK55         

        CLASS   BANK54         

        CLASS   BANK53         

        CLASS   BANK52         

        CLASS   BANK51         

        CLASS   BANK50         

        CLASS   BANK49         

        CLASS   BANK48         

        CLASS   BANK47         

        CLASS   BANK46         

        CLASS   BANK45         

        CLASS   BANK44         

        CLASS   BANK43         

        CLASS   BANK42         

        CLASS   BANK41         

        CLASS   BANK40         

        CLASS   BANK39         

        CLASS   BANK38         

        CLASS   BANK37         

        CLASS   BANK36         

        CLASS   BANK35         

        CLASS   BANK34         

        CLASS   BANK33         

        CLASS   BANK32         

        CLASS   BANK31         

        CLASS   BANK30         

        CLASS   BANK29         

        CLASS   BANK28         

        CLASS   BANK27         

        CLASS   BANK26         

        CLASS   BANK25         

        CLASS   BANK24         

        CLASS   BANK23         

        CLASS   BANK22         

        CLASS   BANK21         

        CLASS   BANK20         

        CLASS   BANK19         

        CLASS   BANK18         

        CLASS   BANK17         

        CLASS   BANK16         

        CLASS   BANK15         

        CLASS   BANK14         

        CLASS   BANK13         

        CLASS   BANK12         

        CLASS   BANK11         

        CLASS   BANK10         

        CLASS   BANK9          

        CLASS   BANK8          

        CLASS   BANK7          

        CLASS   BANK6          

        CLASS   BANK5          

        CLASS   BANK4          

        CLASS   BANK3          

        CLASS   EEDATA         



SEGMENTS        Name                           Load    Length   Top    Selector   Space  Class     Delta

                reset_vec                      000000  000001  000001         0       0  CODE        2
                intentry                       000004  00027E  000282         8       0  CODE        2
                cstackBANK0                    000020  000046  000066        20       1  BANK0       1
                cstackCOMMON                   000070  00000D  00007D        70       1  COMMON      1
                bssBANK1                       0000A0  00001E  0000BE        A0       1  BANK1       1
                stringtext1                    000282  000030  0002B2       504       0  STRCODE     2
                text50                         0002B2  0002E4  000596       564       0  CODE        2
                stringtext2                    000596  00000E  0005A4       B2C       0  STRCODE     2
                text12                         0005A4  00001B  0005BF       B48       0  CODE        2
                stringtext3                    0005BF  00000D  0005CC       B7E       0  STRCODE     2
                text16                         0005CC  000027  0005F3       B98       0  CODE        2
                stringtext4                    0005F3  00000B  0005FE       BE6       0  STRCODE     2
                text29                         0005FE  0000C4  0006C2       BFC       0  CODE        2


UNUSED ADDRESS RANGES

        Name                Unused          Largest block    Delta
        BANK0            00066-0006F               A           1
        BANK1            000BE-000EF              32           1
        BANK2            00120-0016F              50           1
        BIGRAM           02000-020EF              F0           1
        CODE             00001-00003               3           2
                         006C2-007FF             13E
        COMMON           0007D-0007D               1           1
        CONST            00001-00003               3           2
                         006C2-007FF              3E
        ENTRY            00001-00003               3           2
                         006C2-007FF              3E
        IDLOC            08000-08003               4           2
        RAM              00066-0006F               A           1
                         000BE-000EF              32
                         00120-0016F              50
        SFR0             00000-0001F              20           1
        SFR1             00080-0009F              20           1
        SFR10            00500-0056F              70           1
        SFR11            00580-005EF              70           1
        SFR12            00600-0066F              70           1
        SFR13            00680-006EF              70           1
        SFR14            00700-0076F              70           1
        SFR15            00780-007EF              70           1
        SFR16            00800-0086F              70           1
        SFR17            00880-008EF              70           1
        SFR18            00900-0096F              70           1
        SFR19            00980-009EF              70           1
        SFR2             00100-0011F              20           1
        SFR20            00A00-00A6F              70           1
        SFR21            00A80-00AEF              70           1
        SFR22            00B00-00B6F              70           1
        SFR23            00B80-00BEF              70           1
        SFR24            00C00-00C6F              70           1
        SFR25            00C80-00CEF              70           1
        SFR26            00D00-00D6F              70           1
        SFR27            00D80-00DEF              70           1
        SFR28            00E00-00E6F              70           1
        SFR29            00E80-00EEF              70           1
        SFR3             00180-001EF              70           1
        SFR30            00F00-00F6F              70           1
        SFR31            00F80-00FEF              70           1
        SFR32            01000-0106F              70           1
        SFR33            01080-010EF              70           1
        SFR34            01100-0116F              70           1
        SFR35            01180-011EF              70           1
        SFR36            01200-0126F              70           1
        SFR37            01280-012EF              70           1
        SFR38            01300-0136F              70           1
        SFR39            01380-013EF              70           1
        SFR4             00200-0026F              70           1
        SFR40            01400-0146F              70           1
        SFR41            01480-014EF              70           1
        SFR42            01500-0156F              70           1
        SFR43            01580-015EF              70           1
        SFR44            01600-0166F              70           1
        SFR45            01680-016EF              70           1
        SFR46            01700-0176F              70           1
        SFR47            01780-017EF              70           1
        SFR48            01800-0186F              70           1
        SFR49            01880-018EF              70           1
        SFR5             00280-002EF              70           1
        SFR50            01900-0196F              70           1
        SFR51            01980-019EF              70           1
        SFR52            01A00-01A6F              70           1
        SFR53            01A80-01AEF              70           1
        SFR54            01B00-01B6F              70           1
        SFR55            01B80-01BEF              70           1
        SFR56            01C00-01C6F              70           1
        SFR57            01C80-01CEF              70           1
        SFR58            01D00-01D6F              70           1
        SFR59            01D80-01DEF              70           1
        SFR6             00300-0036F              70           1
        SFR60            01E00-01E6F              70           1
        SFR61            01E80-01EEF              70           1
        SFR62            01F00-01F6F              70           1
        SFR63            01F80-01FEF              70           1
        SFR7             00380-003EF              70           1
        SFR8             00400-0046F              70           1
        SFR9             00480-004EF              70           1
        STACK            0206E-020EF              82           1
        STRCODE          00001-00003               3           2
                         006C2-007FF             13E
        STRING           00001-00003               3           2
                         006C2-007FF              3E

                                  Symbol Table

I2C1_CallbackReturnReset@funPtr                            cstackCOMMON 00079
I2C1_Close@returnValue                                     cstackBANK0  00024
I2C1_MasterOperation@read                                  cstackBANK0  00024
I2C1_MasterOperation@returnValue                           cstackBANK0  00025
I2C1_MasterSendTxData@data                                 cstackCOMMON 00070
I2C1_Open@address                                          cstackBANK0  00026
I2C1_Open@returnValue                                      cstackBANK0  00027
I2C1_SetAddressNackCallback@cb                             cstackBANK0  00028
I2C1_SetAddressNackCallback@ptr                            cstackBANK0  0002A
I2C1_SetBuffer@buffer                                      cstackBANK0  00023
I2C1_SetBuffer@bufferSize                                  cstackBANK0  00025
I2C1_SetCallback@cb                                        cstackBANK0  00023
I2C1_SetCallback@idx                                       cstackBANK0  00027
I2C1_SetCallback@ptr                                       cstackBANK0  00025
I2C1_SetDataCompleteCallback@cb                            cstackCOMMON 00075
I2C1_SetDataCompleteCallback@ptr                           cstackCOMMON 00077
I2C1_SetInterruptHandler@InterruptHandler                  cstackBANK0  00023
_ANSELA                                                    (abs)        01F38
_I2C1_CallbackReturnReset                                  text58       006BE
_I2C1_CallbackReturnStop                                   text59       006C0
_I2C1_Close                                                text21       00402
_I2C1_DO_ADDRESS_NACK                                      text35       00367
_I2C1_DO_IDLE                                              text49       00687
_I2C1_DO_RCEN                                              text44       00631
_I2C1_DO_RESET                                             text36       0065F
_I2C1_DO_RX                                                text45       0018F
_I2C1_DO_RX_ACK                                            text39       0066E
_I2C1_DO_RX_NACK_RESTART                                   text37       00664
_I2C1_DO_RX_NACK_STOP                                      text38       00669
_I2C1_DO_SEND_ADR_READ                                     text48       00611
_I2C1_DO_SEND_ADR_WRITE                                    text47       00622
_I2C1_DO_SEND_RESTART                                      text41       00678
_I2C1_DO_SEND_RESTART_READ                                 text43       00682
_I2C1_DO_SEND_RESTART_WRITE                                text42       0067D
_I2C1_DO_SEND_STOP                                         text40       00673
_I2C1_DO_TX                                                text46       000EB
_I2C1_DO_TX_EMPTY                                          text50       002B2
_I2C1_Initialize                                           text30       00608
_I2C1_MasterClearIrq                                       text24       006A9
_I2C1_MasterClose                                          text23       006A6
_I2C1_MasterDisableIrq                                     text22       006A3
_I2C1_MasterEnableIrq                                      text17       0069D
_I2C1_MasterEnableRestart                                  text74       006BB
_I2C1_MasterFsm                                            text33       002E1
_I2C1_MasterGetRxData                                      text55       006B2
_I2C1_MasterIsNack                                         text52       0064A
_I2C1_MasterIsr                                            text32       00691
_I2C1_MasterOpen                                           text16       005CC
_I2C1_MasterOperation                                      text19       00423
_I2C1_MasterSendAck                                        text54       00695
_I2C1_MasterSendNack                                       text56       00699
_I2C1_MasterSendTxData                                     text53       0068C
_I2C1_MasterSetIrq                                         text51       006AF
_I2C1_MasterStart                                          text20       006A0
_I2C1_MasterStartRx                                        text57       006B5
_I2C1_MasterStop                                           text73       006B8
_I2C1_MasterWrite                                          text18       00655
_I2C1_Open                                                 text14       00143
_I2C1_SetAddressNackCallback                               text12       005A4
_I2C1_SetBuffer                                            text11       004AE
_I2C1_SetCallback                                          text13       00393
_I2C1_SetDataCompleteCallback                              text71       005E6
_I2C1_SetInterruptHandler                                  text15       00644
_I2C1_Status                                               bssBANK1     000A0
_INLVLA                                                    (abs)        01F3C
_INTCONbits                                                (abs)        0000B
_INTERRUPT_InterruptManager                                intentry     00004
_LATA                                                      (abs)        00018
_MSSP1_InterruptHandler                                    bssBANK0     00062
_ODCONA                                                    (abs)        01F3A
_OSCCON1                                                   (abs)        0088D
_OSCCON3                                                   (abs)        0088F
_OSCEN                                                     (abs)        00891
_OSCFRQ                                                    (abs)        00893
_OSCILLATOR_Initialize                                     text29       005FE
_OSCSTAT                                                   (abs)        00890
_OSCTUNE                                                   (abs)        00892
_PIE3bits                                                  (abs)        00719
_PIN_MANAGER_Initialize                                    text28       00495
_PIR3bits                                                  (abs)        0070F
_PMD0                                                      (abs)        00796
_PMD1                                                      (abs)        00797
_PMD2                                                      (abs)        00798
_PMD3                                                      (abs)        00799
_PMD4                                                      (abs)        0079A
_PMD5                                                      (abs)        0079B
_PMD_Initialize                                            text27       0061A
_PORTAbits                                                 (abs)        0000C
_RA4PPS                                                    (abs)        01F14
_RA5PPS                                                    (abs)        01F15
_SLRCONA                                                   (abs)        01F3B
_SSP1ADD                                                   (abs)        0018D
_SSP1BUF                                                   (abs)        0018C
_SSP1CLKPPS                                                (abs)        01EC5
_SSP1CON1                                                  (abs)        00190
_SSP1CON1bits                                              (abs)        00190
_SSP1CON2                                                  (abs)        00191
_SSP1CON2bits                                              (abs)        00191
_SSP1DATPPS                                                (abs)        01EC6
_SSP1STAT                                                  (abs)        0018F
_SSP1STATbits                                              (abs)        0018F
_SYSTEM_Initialize                                         text26       005D9
_TRISA                                                     (abs)        00012
_WPUA                                                      (abs)        01F39
__Habs1                                                    abs1         00000
__Hbank0                                                   bank0        00000
__Hbank1                                                   bank1        00000
__Hbank10                                                  bank10       00000
__Hbank11                                                  bank11       00000
__Hbank12                                                  bank12       00000
__Hbank13                                                  bank13       00000
__Hbank14                                                  bank14       00000
__Hbank15                                                  bank15       00000
__Hbank16                                                  bank16       00000
__Hbank17                                                  bank17       00000
__Hbank18                                                  bank18       00000
__Hbank19                                                  bank19       00000
__Hbank2                                                   bank2        00000
__Hbank20                                                  bank20       00000
__Hbank21                                                  bank21       00000
__Hbank22                                                  bank22       00000
__Hbank23                                                  bank23       00000
__Hbank24                                                  bank24       00000
__Hbank25                                                  bank25       00000
__Hbank26                                                  bank26       00000
__Hbank27                                                  bank27       00000
__Hbank28                                                  bank28       00000
__Hbank29                                                  bank29       00000
__Hbank3                                                   bank3        00000
__Hbank30                                                  bank30       00000
__Hbank31                                                  bank31       00000
__Hbank32                                                  bank32       00000
__Hbank33                                                  bank33       00000
__Hbank34                                                  bank34       00000
__Hbank35                                                  bank35       00000
__Hbank36                                                  bank36       00000
__Hbank37                                                  bank37       00000
__Hbank38                                                  bank38       00000
__Hbank39                                                  bank39       00000
__Hbank4                                                   bank4        00000
__Hbank40                                                  bank40       00000
__Hbank41                                                  bank41       00000
__Hbank42                                                  bank42       00000
__Hbank43                                                  bank43       00000
__Hbank44                                                  bank44       00000
__Hbank45                                                  bank45       00000
__Hbank46                                                  bank46       00000
__Hbank47                                                  bank47       00000
__Hbank48                                                  bank48       00000
__Hbank49                                                  bank49       00000
__Hbank5                                                   bank5        00000
__Hbank50                                                  bank50       00000
__Hbank51                                                  bank51       00000
__Hbank52                                                  bank52       00000
__Hbank53                                                  bank53       00000
__Hbank54                                                  bank54       00000
__Hbank55                                                  bank55       00000
__Hbank56                                                  bank56       00000
__Hbank57                                                  bank57       00000
__Hbank58                                                  bank58       00000
__Hbank59                                                  bank59       00000
__Hbank6                                                   bank6        00000
__Hbank60                                                  bank60       00000
__Hbank61                                                  bank61       00000
__Hbank62                                                  bank62       00000
__Hbank63                                                  bank63       00000
__Hbank7                                                   bank7        00000
__Hbank8                                                   bank8        00000
__Hbank9                                                   bank9        00000
__Hbigram                                                  bigram       00000
__HbssBANK0                                                bssBANK0     00000
__HbssBANK1                                                bssBANK1     00000
__Hcinit                                                   cinit        00041
__Hclrtext                                                 clrtext      00000
__Hcode                                                    code         00000
__Hcommon                                                  common       00000
__Hconfig                                                  config       0800C
__HcstackBANK0                                             cstackBANK0  00000
__HcstackCOMMON                                            cstackCOMMON 00000
__HdataBANK0                                               dataBANK0    00000
__Heeprom_data                                             eeprom_data  00000
__Hend_init                                                end_init     00026
__Hfunctab                                                 functab      00000
__HidataBANK0                                              idataBANK0   00000
__Hinit                                                    init         00025
__Hinittext                                                inittext     00000
__Hintentry                                                intentry     00025
__Hmaintext                                                maintext     00000
__Hpowerup                                                 powerup      00000
__Hram                                                     ram          00000
__Hreset_vec                                               reset_vec    00001
__Hsfr0                                                    sfr0         00000
__Hsfr1                                                    sfr1         00000
__Hsfr10                                                   sfr10        00000
__Hsfr11                                                   sfr11        00000
__Hsfr12                                                   sfr12        00000
__Hsfr13                                                   sfr13        00000
__Hsfr14                                                   sfr14        00000
__Hsfr15                                                   sfr15        00000
__Hsfr16                                                   sfr16        00000
__Hsfr17                                                   sfr17        00000
__Hsfr18                                                   sfr18        00000
__Hsfr19                                                   sfr19        00000
__Hsfr2                                                    sfr2         00000
__Hsfr20                                                   sfr20        00000
__Hsfr21                                                   sfr21        00000
__Hsfr22                                                   sfr22        00000
__Hsfr23                                                   sfr23        00000
__Hsfr24                                                   sfr24        00000
__Hsfr25                                                   sfr25        00000
__Hsfr26                                                   sfr26        00000
__Hsfr27                                                   sfr27        00000
__Hsfr28                                                   sfr28        00000
__Hsfr29                                                   sfr29        00000
__Hsfr3                                                    sfr3         00000
__Hsfr30                                                   sfr30        00000
__Hsfr31                                                   sfr31        00000
__Hsfr32                                                   sfr32        00000
__Hsfr33                                                   sfr33        00000
__Hsfr34                                                   sfr34        00000
__Hsfr35                                                   sfr35        00000
__Hsfr36                                                   sfr36        00000
__Hsfr37                                                   sfr37        00000
__Hsfr38                                                   sfr38        00000
__Hsfr39                                                   sfr39        00000
__Hsfr4                                                    sfr4         00000
__Hsfr40                                                   sfr40        00000
__Hsfr41                                                   sfr41        00000
__Hsfr42                                                   sfr42        00000
__Hsfr43                                                   sfr43        00000
__Hsfr44                                                   sfr44        00000
__Hsfr45                                                   sfr45        00000
__Hsfr46                                                   sfr46        00000
__Hsfr47                                                   sfr47        00000
__Hsfr48                                                   sfr48        00000
__Hsfr49                                                   sfr49        00000
__Hsfr5                                                    sfr5         00000
__Hsfr50                                                   sfr50        00000
__Hsfr51                                                   sfr51        00000
__Hsfr52                                                   sfr52        00000
__Hsfr53                                                   sfr53        00000
__Hsfr54                                                   sfr54        00000
__Hsfr55                                                   sfr55        00000
__Hsfr56                                                   sfr56        00000
__Hsfr57                                                   sfr57        00000
__Hsfr58                                                   sfr58        00000
__Hsfr59                                                   sfr59        00000
__Hsfr6                                                    sfr6         00000
__Hsfr60                                                   sfr60        00000
__Hsfr61                                                   sfr61        00000
__Hsfr62                                                   sfr62        00000
__Hsfr63                                                   sfr63        00000
__Hsfr7                                                    sfr7         00000
__Hsfr8                                                    sfr8         00000
__Hsfr9                                                    sfr9         00000
__Hspace_0                                                 (abs)        006C2
__Hspace_1                                                 (abs)        000BE
__Hspace_2                                                 (abs)        00000
__Hspace_3                                                 (abs)        00000
__Hspace_4                                                 (abs)        10013
__Hstack                                                   stack        00000
__Hstrings                                                 strings      00000
__Hstringtext1                                             stringtext1  00000
__Hstringtext2                                             stringtext2  00000
__Hstringtext3                                             stringtext3  00000
__Hstringtext4                                             stringtext4  00000
__Hstringtext5                                             stringtext5  00000
__Htext                                                    text         00000
__Labs1                                                    abs1         00000
__Lbank0                                                   bank0        00000
__Lbank1                                                   bank1        00000
__Lbank10                                                  bank10       00000
__Lbank11                                                  bank11       00000
__Lbank12                                                  bank12       00000
__Lbank13                                                  bank13       00000
__Lbank14                                                  bank14       00000
__Lbank15                                                  bank15       00000
__Lbank16                                                  bank16       00000
__Lbank17                                                  bank17       00000
__Lbank18                                                  bank18       00000
__Lbank19                                                  bank19       00000
__Lbank2                                                   bank2        00000
__Lbank20                                                  bank20       00000
__Lbank21                                                  bank21       00000
__Lbank22                                                  bank22       00000
__Lbank23                                                  bank23       00000
__Lbank24                                                  bank24       00000
__Lbank25                                                  bank25       00000
__Lbank26                                                  bank26       00000
__Lbank27                                                  bank27       00000
__Lbank28                                                  bank28       00000
__Lbank29                                                  bank29       00000
__Lbank3                                                   bank3        00000
__Lbank30                                                  bank30       00000
__Lbank31                                                  bank31       00000
__Lbank32                                                  bank32       00000
__Lbank33                                                  bank33       00000
__Lbank34                                                  bank34       00000
__Lbank35                                                  bank35       00000
__Lbank36                                                  bank36       00000
__Lbank37                                                  bank37       00000
__Lbank38                                                  bank38       00000
__Lbank39                                                  bank39       00000
__Lbank4                                                   bank4        00000
__Lbank40                                                  bank40       00000
__Lbank41                                                  bank41       00000
__Lbank42                                                  bank42       00000
__Lbank43                                                  bank43       00000
__Lbank44                                                  bank44       00000
__Lbank45                                                  bank45       00000
__Lbank46                                                  bank46       00000
__Lbank47                                                  bank47       00000
__Lbank48                                                  bank48       00000
__Lbank49                                                  bank49       00000
__Lbank5                                                   bank5        00000
__Lbank50                                                  bank50       00000
__Lbank51                                                  bank51       00000
__Lbank52                                                  bank52       00000
__Lbank53                                                  bank53       00000
__Lbank54                                                  bank54       00000
__Lbank55                                                  bank55       00000
__Lbank56                                                  bank56       00000
__Lbank57                                                  bank57       00000
__Lbank58                                                  bank58       00000
__Lbank59                                                  bank59       00000
__Lbank6                                                   bank6        00000
__Lbank60                                                  bank60       00000
__Lbank61                                                  bank61       00000
__Lbank62                                                  bank62       00000
__Lbank63                                                  bank63       00000
__Lbank7                                                   bank7        00000
__Lbank8                                                   bank8        00000
__Lbank9                                                   bank9        00000
__Lbigram                                                  bigram       00000
__LbssBANK0                                                bssBANK0     00000
__LbssBANK1                                                bssBANK1     00000
__Lcinit                                                   cinit        00026
__Lclrtext                                                 clrtext      00000
__Lcode                                                    code         00000
__Lcommon                                                  common       00000
__Lconfig                                                  config       00000
__LcstackBANK0                                             cstackBANK0  00000
__LcstackCOMMON                                            cstackCOMMON 00000
__LdataBANK0                                               dataBANK0    00000
__Leeprom_data                                             eeprom_data  00000
__Lend_init                                                end_init     00025
__Lfunctab                                                 functab      00000
__LidataBANK0                                              idataBANK0   00000
__Linit                                                    init         00025
__Linittext                                                inittext     00000
__Lintentry                                                intentry     00004
__Lmaintext                                                maintext     00000
__Lpowerup                                                 powerup      00000
__Lram                                                     ram          00000
__Lreset_vec                                               reset_vec    00000
__Lsfr0                                                    sfr0         00000
__Lsfr1                                                    sfr1         00000
__Lsfr10                                                   sfr10        00000
__Lsfr11                                                   sfr11        00000
__Lsfr12                                                   sfr12        00000
__Lsfr13                                                   sfr13        00000
__Lsfr14                                                   sfr14        00000
__Lsfr15                                                   sfr15        00000
__Lsfr16                                                   sfr16        00000
__Lsfr17                                                   sfr17        00000
__Lsfr18                                                   sfr18        00000
__Lsfr19                                                   sfr19        00000
__Lsfr2                                                    sfr2         00000
__Lsfr20                                                   sfr20        00000
__Lsfr21                                                   sfr21        00000
__Lsfr22                                                   sfr22        00000
__Lsfr23                                                   sfr23        00000
__Lsfr24                                                   sfr24        00000
__Lsfr25                                                   sfr25        00000
__Lsfr26                                                   sfr26        00000
__Lsfr27                                                   sfr27        00000
__Lsfr28                                                   sfr28        00000
__Lsfr29                                                   sfr29        00000
__Lsfr3                                                    sfr3         00000
__Lsfr30                                                   sfr30        00000
__Lsfr31                                                   sfr31        00000
__Lsfr32                                                   sfr32        00000
__Lsfr33                                                   sfr33        00000
__Lsfr34                                                   sfr34        00000
__Lsfr35                                                   sfr35        00000
__Lsfr36                                                   sfr36        00000
__Lsfr37                                                   sfr37        00000
__Lsfr38                                                   sfr38        00000
__Lsfr39                                                   sfr39        00000
__Lsfr4                                                    sfr4         00000
__Lsfr40                                                   sfr40        00000
__Lsfr41                                                   sfr41        00000
__Lsfr42                                                   sfr42        00000
__Lsfr43                                                   sfr43        00000
__Lsfr44                                                   sfr44        00000
__Lsfr45                                                   sfr45        00000
__Lsfr46                                                   sfr46        00000
__Lsfr47                                                   sfr47        00000
__Lsfr48                                                   sfr48        00000
__Lsfr49                                                   sfr49        00000
__Lsfr5                                                    sfr5         00000
__Lsfr50                                                   sfr50        00000
__Lsfr51                                                   sfr51        00000
__Lsfr52                                                   sfr52        00000
__Lsfr53                                                   sfr53        00000
__Lsfr54                                                   sfr54        00000
__Lsfr55                                                   sfr55        00000
__Lsfr56                                                   sfr56        00000
__Lsfr57                                                   sfr57        00000
__Lsfr58                                                   sfr58        00000
__Lsfr59                                                   sfr59        00000
__Lsfr6                                                    sfr6         00000
__Lsfr60                                                   sfr60        00000
__Lsfr61                                                   sfr61        00000
__Lsfr62                                                   sfr62        00000
__Lsfr63                                                   sfr63        00000
__Lsfr7                                                    sfr7         00000
__Lsfr8                                                    sfr8         00000
__Lsfr9                                                    sfr9         00000
__Lspace_0                                                 (abs)        00000
__Lspace_1                                                 (abs)        00000
__Lspace_2                                                 (abs)        00000
__Lspace_3                                                 (abs)        00000
__Lspace_4                                                 (abs)        00000
__Lstack                                                   stack        00000
__Lstrings                                                 strings      00000
__Lstringtext1                                             stringtext1  00000
__Lstringtext2                                             stringtext2  00000
__Lstringtext3                                             stringtext3  00000
__Lstringtext4                                             stringtext4  00000
__Lstringtext5                                             stringtext5  00000
__Ltext                                                    text         00000
__S0                                                       (abs)        006C2
__S1                                                       (abs)        000BE
__S2                                                       (abs)        00000
___int_sp                                                  stack        00000
___latbits                                                 (abs)        00000
___sp                                                      stack        00000
___stackhi                                                 (abs)        020EF
___stacklo                                                 (abs)        0206E
__end_of_I2C1_CallbackReturnReset                          text58       006C0
__end_of_I2C1_CallbackReturnStop                           text59       006C2
__end_of_I2C1_Close                                        text21       00423
__end_of_I2C1_DO_ADDRESS_NACK                              text35       00393
__end_of_I2C1_DO_IDLE                                      text49       0068C
__end_of_I2C1_DO_RCEN                                      text44       00638
__end_of_I2C1_DO_RESET                                     text36       00664
__end_of_I2C1_DO_RX                                        text45       001D6
__end_of_I2C1_DO_RX_ACK                                    text39       00673
__end_of_I2C1_DO_RX_NACK_RESTART                           text37       00669
__end_of_I2C1_DO_RX_NACK_STOP                              text38       0066E
__end_of_I2C1_DO_SEND_ADR_READ                             text48       0061A
__end_of_I2C1_DO_SEND_ADR_WRITE                            text47       0062A
__end_of_I2C1_DO_SEND_RESTART                              text41       0067D
__end_of_I2C1_DO_SEND_RESTART_READ                         text43       00687
__end_of_I2C1_DO_SEND_RESTART_WRITE                        text42       00682
__end_of_I2C1_DO_SEND_STOP                                 text40       00678
__end_of_I2C1_DO_TX                                        text46       00143
__end_of_I2C1_DO_TX_EMPTY                                  text50       002E1
__end_of_I2C1_Initialize                                   text30       00611
__end_of_I2C1_MasterClearIrq                               text24       006AC
__end_of_I2C1_MasterClose                                  text23       006A9
__end_of_I2C1_MasterDisableIrq                             text22       006A6
__end_of_I2C1_MasterEnableIrq                              text17       006A0
__end_of_I2C1_MasterEnableRestart                          text74       006BE
__end_of_I2C1_MasterFsm                                    text33       0030F
__end_of_I2C1_MasterGetRxData                              text55       006B5
__end_of_I2C1_MasterIsNack                                 text52       00650
__end_of_I2C1_MasterIsr                                    text32       00695
__end_of_I2C1_MasterOpen                                   text16       005D9
__end_of_I2C1_MasterOperation                              text19       00443
__end_of_I2C1_MasterSendAck                                text54       00699
__end_of_I2C1_MasterSendNack                               text56       0069D
__end_of_I2C1_MasterSendTxData                             text53       00691
__end_of_I2C1_MasterSetIrq                                 text51       006B2
__end_of_I2C1_MasterStart                                  text20       006A3
__end_of_I2C1_MasterStartRx                                text57       006B8
__end_of_I2C1_MasterStop                                   text73       006BB
__end_of_I2C1_MasterWrite                                  text18       0065A
__end_of_I2C1_Open                                         text14       0018F
__end_of_I2C1_SetAddressNackCallback                       text12       005B2
__end_of_I2C1_SetBuffer                                    text11       004C5
__end_of_I2C1_SetCallback                                  text13       003BA
__end_of_I2C1_SetDataCompleteCallback                      text71       005F3
__end_of_I2C1_SetInterruptHandler                          text15       0064A
__end_of_INTERRUPT_InterruptManager                        intentry     00025
__end_of_OSCILLATOR_Initialize                             text29       00608
__end_of_PIN_MANAGER_Initialize                            text28       004AE
__end_of_PMD_Initialize                                    text27       00622
__end_of_SYSTEM_Initialize                                 text26       005E6
__end_of__initialization                                   cinit        0003E
__end_of_i2c1_fsmStateTable                                stringtext1  002A2
__end_of_i2c_writeNBytes                                   text10       00367
__end_of_lcd_busy                                          text25       0065F
__end_of_lcd_command                                       text8        00282
__end_of_lcd_delete                                        text7        00655
__end_of_lcd_go                                            text3        0024C
__end_of_lcd_lighting_ac                                   text5        00631
__end_of_lcd_start                                         text4        00212
__end_of_lcd_writeletter                                   text2        0033B
__end_of_lcd_writemessage                                  text1        00402
__end_of_main                                              maintext     000EB
__end_of_pcf8574_write                                     text6        00587
__end_of_pcf8574_write_wEnable                             text9        0045F
__end_of_rd1RegCompleteHandler                             text67       00549
__end_of_rd1RegCompleteHandler@i2c1_master_example$F146    text63       00507
__end_of_rd2RegCompleteHandler                             text66       00533
__end_of_rd2RegCompleteHandler@i2c1_master_example$F157    text62       004F1
__end_of_rdBlkRegCompleteHandler                           text64       00495
__end_of_rdBlkRegCompleteHandler@i2c1_master_example$F180  text60       0047A
__end_of_wr1RegCompleteHandler                             text68       0055F
__end_of_wr1RegCompleteHandler@i2c1_master_example$F163    text61       004DB
__end_of_wr2RegCompleteHandler                             text65       0051D
__end_of_wr2RegCompleteHandler@i2c1_master_example$F169    text69       00575
__end_ofi1_I2C1_MasterClearIrq                             text34       006AF
__end_ofi1_I2C1_SetBuffer                                  text70       00596
__end_ofi1_I2C1_SetCallback                                text72       003E0
__initialization                                           cinit        00026
__pbssBANK0                                                bssBANK0     00062
__pbssBANK1                                                bssBANK1     000A0
__pcstackBANK0                                             cstackBANK0  00020
__pcstackCOMMON                                            cstackCOMMON 00070
__pdataBANK0                                               dataBANK0    00055
__pidataBANK0                                              idataBANK0   005B2
__pintentry                                                intentry     00004
__pmaintext                                                maintext     00041
__pstringtext1                                             stringtext1  00282
__pstringtext2                                             stringtext2  00596
__pstringtext3                                             stringtext3  005BF
__pstringtext4                                             stringtext4  005F3
__pstringtext5                                             stringtext5  00000
__ptext1                                                   text1        003E0
__ptext10                                                  text10       0033B
__ptext11                                                  text11       004AE
__ptext12                                                  text12       005A4
__ptext13                                                  text13       00393
__ptext14                                                  text14       00143
__ptext15                                                  text15       00644
__ptext16                                                  text16       005CC
__ptext17                                                  text17       0069D
__ptext18                                                  text18       00655
__ptext19                                                  text19       00423
__ptext2                                                   text2        0030F
__ptext20                                                  text20       006A0
__ptext21                                                  text21       00402
__ptext22                                                  text22       006A3
__ptext23                                                  text23       006A6
__ptext24                                                  text24       006A9
__ptext25                                                  text25       0065A
__ptext26                                                  text26       005D9
__ptext27                                                  text27       0061A
__ptext28                                                  text28       00495
__ptext29                                                  text29       005FE
__ptext3                                                   text3        00212
__ptext30                                                  text30       00608
__ptext32                                                  text32       00691
__ptext33                                                  text33       002E1
__ptext34                                                  text34       006AC
__ptext35                                                  text35       00367
__ptext36                                                  text36       0065F
__ptext37                                                  text37       00664
__ptext38                                                  text38       00669
__ptext39                                                  text39       0066E
__ptext4                                                   text4        001D6
__ptext40                                                  text40       00673
__ptext41                                                  text41       00678
__ptext42                                                  text42       0067D
__ptext43                                                  text43       00682
__ptext44                                                  text44       00631
__ptext45                                                  text45       0018F
__ptext46                                                  text46       000EB
__ptext47                                                  text47       00622
__ptext48                                                  text48       00611
__ptext49                                                  text49       00687
__ptext5                                                   text5        0062A
__ptext50                                                  text50       002B2
__ptext51                                                  text51       006AF
__ptext52                                                  text52       0064A
__ptext53                                                  text53       0068C
__ptext54                                                  text54       00695
__ptext55                                                  text55       006B2
__ptext56                                                  text56       00699
__ptext57                                                  text57       006B5
__ptext58                                                  text58       006BE
__ptext59                                                  text59       006C0
__ptext6                                                   text6        00575
__ptext60                                                  text60       0045F
__ptext61                                                  text61       004C5
__ptext62                                                  text62       004DB
__ptext63                                                  text63       004F1
__ptext64                                                  text64       0047A
__ptext65                                                  text65       00507
__ptext66                                                  text66       0051D
__ptext67                                                  text67       00533
__ptext68                                                  text68       00549
__ptext69                                                  text69       0055F
__ptext7                                                   text7        00650
__ptext70                                                  text70       00587
__ptext71                                                  text71       005E6
__ptext72                                                  text72       003BA
__ptext73                                                  text73       006B8
__ptext74                                                  text74       006BB
__ptext8                                                   text8        0024C
__ptext9                                                   text9        00443
__size_of_I2C1_CallbackReturnReset                         (abs)        00000
__size_of_I2C1_CallbackReturnStop                          (abs)        00000
__size_of_I2C1_Close                                       (abs)        00000
__size_of_I2C1_DO_ADDRESS_NACK                             (abs)        00000
__size_of_I2C1_DO_IDLE                                     (abs)        00000
__size_of_I2C1_DO_RCEN                                     (abs)        00000
__size_of_I2C1_DO_RESET                                    (abs)        00000
__size_of_I2C1_DO_RX                                       (abs)        00000
__size_of_I2C1_DO_RX_ACK                                   (abs)        00000
__size_of_I2C1_DO_RX_NACK_RESTART                          (abs)        00000
__size_of_I2C1_DO_RX_NACK_STOP                             (abs)        00000
__size_of_I2C1_DO_SEND_ADR_READ                            (abs)        00000
__size_of_I2C1_DO_SEND_ADR_WRITE                           (abs)        00000
[...]
		On exit  : 
		Unchanged: 
 Data sizes:     COMMON   BANK0   BANK1   BANK2
      Params:         1       0       0       0
      Locals:         0       0       0       0
      Temps:          0       0       0       0
      Totals:         1       0       0       0
Total ram usage:        1 bytes
 Hardware stack levels used:    1
 Hardware stack levels required when called:    2
 This function calls:
		_I2C1_SetDataCompleteCallback
		i1_I2C1_SetBuffer
 This function is called by:
		_i2c_write2ByteRegister
		_I2C1_DO_TX
		_I2C1_DO_RX
		_I2C1_DO_TX_EMPTY
		_I2C1_DO_ADDRESS_NACK
		_I2C1_DO_RX_EMPTY
 This function uses a non-reentrant model


 *************** function _rd2RegCompleteHandler *****************
 Defined at:
		line 119 in file "mcc_generated_files/drivers/i2c_simple_master.c"
 Parameters:    Size  Location     Type
  p               1    9[COMMON] PTR void 
		 -> I2C1_ReadDataBlock@bufferBlock(3), I2C1_Write2ByteRegister@data(2), I2C1_Write1ByteRegister@data(1), I2C1_Read2ByteRegister@returnValue(2), 
		 -> I2C1_Read1ByteRegister@returnValue(1), i2c_readDataBlock@d(3), i2c_write2ByteRegister@data(2), i2c_read2ByteRegister@result(2), 
		 -> i2c_read1ByteRegister@d2(1), i2c_write1ByteRegister@data(1), NULL(0), 
 Auto vars:     Size  Location     Type
		None
 Return value:  Size  Location     Type
                  1    wreg      enum E360
 Registers used:
		wreg, fsr1l, fsr1h, status,2, status,0, pclath, cstack
 Tracked objects:
		On entry : 
		On exit  : 
		Unchanged: 
 Data sizes:     COMMON   BANK0   BANK1   BANK2
      Params:         1       0       0       0
      Locals:         0       0       0       0
      Temps:          0       0       0       0
      Totals:         1       0       0       0
Total ram usage:        1 bytes
 Hardware stack levels used:    1
 Hardware stack levels required when called:    2
 This function calls:
		_I2C1_SetDataCompleteCallback
		i1_I2C1_SetBuffer
 This function is called by:
		_i2c_read2ByteRegister
		_I2C1_DO_TX
		_I2C1_DO_RX
		_I2C1_DO_TX_EMPTY
		_I2C1_DO_ADDRESS_NACK
		_I2C1_DO_RX_EMPTY
 This function uses a non-reentrant model


 *************** function _rd1RegCompleteHandler *****************
 Defined at:
		line 81 in file "mcc_generated_files/drivers/i2c_simple_master.c"
 Parameters:    Size  Location     Type
  p               1    9[COMMON] PTR void 
		 -> I2C1_ReadDataBlock@bufferBlock(3), I2C1_Write2ByteRegister@data(2), I2C1_Write1ByteRegister@data(1), I2C1_Read2ByteRegister@returnValue(2), 
		 -> I2C1_Read1ByteRegister@returnValue(1), i2c_readDataBlock@d(3), i2c_write2ByteRegister@data(2), i2c_read2ByteRegister@result(2), 
		 -> i2c_read1ByteRegister@d2(1), i2c_write1ByteRegister@data(1), NULL(0), 
 Auto vars:     Size  Location     Type
		None
 Return value:  Size  Location     Type
                  1    wreg      enum E360
 Registers used:
		wreg, fsr1l, fsr1h, status,2, status,0, pclath, cstack
 Tracked objects:
		On entry : 
		On exit  : 
		Unchanged: 
 Data sizes:     COMMON   BANK0   BANK1   BANK2
      Params:         1       0       0       0
      Locals:         0       0       0       0
      Temps:          0       0       0       0
      Totals:         1       0       0       0
Total ram usage:        1 bytes
 Hardware stack levels used:    1
 Hardware stack levels required when called:    2
 This function calls:
		_I2C1_SetDataCompleteCallback
		i1_I2C1_SetBuffer
 This function is called by:
		_i2c_read1ByteRegister
		_I2C1_DO_TX
		_I2C1_DO_RX
		_I2C1_DO_TX_EMPTY
		_I2C1_DO_ADDRESS_NACK
		_I2C1_DO_RX_EMPTY
 This function uses a non-reentrant model


 *************** function _wr1RegCompleteHandler *****************
 Defined at:
		line 34 in file "mcc_generated_files/drivers/i2c_simple_master.c"
 Parameters:    Size  Location     Type
  p               1    9[COMMON] PTR void 
		 -> I2C1_ReadDataBlock@bufferBlock(3), I2C1_Write2ByteRegister@data(2), I2C1_Write1ByteRegister@data(1), I2C1_Read2ByteRegister@returnValue(2), 
		 -> I2C1_Read1ByteRegister@returnValue(1), i2c_readDataBlock@d(3), i2c_write2ByteRegister@data(2), i2c_read2ByteRegister@result(2), 
		 -> i2c_read1ByteRegister@d2(1), i2c_write1ByteRegister@data(1), NULL(0), 
 Auto vars:     Size  Location     Type
		None
 Return value:  Size  Location     Type
                  1    wreg      enum E360
 Registers used:
		wreg, fsr1l, fsr1h, status,2, status,0, pclath, cstack
 Tracked objects:
		On entry : 
		On exit  : 
		Unchanged: 
 Data sizes:     COMMON   BANK0   BANK1   BANK2
      Params:         1       0       0       0
      Locals:         0       0       0       0
      Temps:          0       0       0       0
      Totals:         1       0       0       0
Total ram usage:        1 bytes
 Hardware stack levels used:    1
 Hardware stack levels required when called:    2
 This function calls:
		_I2C1_SetDataCompleteCallback
		i1_I2C1_SetBuffer
 This function is called by:
		_i2c_write1ByteRegister
		_I2C1_DO_TX
		_I2C1_DO_RX
		_I2C1_DO_TX_EMPTY
		_I2C1_DO_ADDRESS_NACK
		_I2C1_DO_RX_EMPTY
 This function uses a non-reentrant model


 *************** function _wr2RegCompleteHandler@i2c1_master_example$F169 *****************
 Defined at:
		line 163 in file "mcc_generated_files/examples/i2c1_master_example.c"
 Parameters:    Size  Location     Type
  ptr             1    9[COMMON] PTR void 
		 -> I2C1_ReadDataBlock@bufferBlock(3), I2C1_Write2ByteRegister@data(2), I2C1_Write1ByteRegister@data(1), I2C1_Read2ByteRegister@returnValue(2), 
		 -> I2C1_Read1ByteRegister@returnValue(1), i2c_readDataBlock@d(3), i2c_write2ByteRegister@data(2), i2c_read2ByteRegister@result(2), 
		 -> i2c_read1ByteRegister@d2(1), i2c_write1ByteRegister@data(1), NULL(0), 
 Auto vars:     Size  Location     Type
		None
 Return value:  Size  Location     Type
                  1    wreg      enum E360
 Registers used:
		wreg, fsr1l, fsr1h, status,2, status,0, pclath, cstack
 Tracked objects:
		On entry : 
		On exit  : 
		Unchanged: 
 Data sizes:     COMMON   BANK0   BANK1   BANK2
      Params:         1       0       0       0
      Locals:         0       0       0       0
      Temps:          0       0       0       0
      Totals:         1       0       0       0
Total ram usage:        1 bytes
 Hardware stack levels used:    1
 Hardware stack levels required when called:    2
 This function calls:
		_I2C1_SetDataCompleteCallback
		i1_I2C1_SetBuffer
 This function is called by:
		_I2C1_Write2ByteRegister
		_I2C1_DO_TX
		_I2C1_DO_RX
		_I2C1_DO_TX_EMPTY
		_I2C1_DO_ADDRESS_NACK
		_I2C1_DO_RX_EMPTY
 This function uses a non-reentrant model


 *************** function i1_I2C1_SetBuffer *****************
 Defined at:
		line 264 in file "mcc_generated_files/i2c1_master.c"
 Parameters:    Size  Location     Type
  buffer          2    0[COMMON] PTR void 
		 -> pcf8574_write_wEnable@writeBuffer(3), RAM(8192), I2C1_ReadDataBlock@reg(1), I2C1_ReadDataBlock@bufferBlock(3), 
		 -> I2C1_Write2ByteRegister@reg(1), I2C1_Write2ByteRegister@data(2), I2C1_Write1ByteRegister@reg(1), I2C1_Write1ByteRegister@data(1), 
		 -> I2C1_Read2ByteRegister@reg(1), I2C1_Read2ByteRegister@returnValue(2), I2C1_Read1ByteRegister@reg(1), I2C1_Read1ByteRegister@returnValue(1), 
		 -> i2c_readDataBlock@reg(1), i2c_readDataBlock@d(3), i2c_write2ByteRegister@reg(1), i2c_write2ByteRegister@data(2), 
		 -> i2c_read2ByteRegister@reg(1), i2c_read2ByteRegister@result(2), i2c_read1ByteRegister@reg(1), i2c_read1ByteRegister@d2(1), 
		 -> i2c_write1ByteRegister@reg(1), i2c_write1ByteRegister@data(1), NULL(0), 
  bufferSize      2    2[COMMON] unsigned int 
 Auto vars:     Size  Location     Type
		None
 Return value:  Size  Location     Type
                  1    wreg      void 
 Registers used:
		wreg
 Tracked objects:
		On entry : 
		On exit  : 
		Unchanged: 
 Data sizes:     COMMON   BANK0   BANK1   BANK2
      Params:         4       0       0       0
      Locals:         0       0       0       0
      Temps:          0       0       0       0
      Totals:         4       0       0       0
Total ram usage:        4 bytes
 Hardware stack levels used:    1
 This function calls:
		Nothing
 This function is called by:
		_wr1RegCompleteHandler
		_rd1RegCompleteHandler
		_rd2RegCompleteHandler
		_wr2RegCompleteHandler
		_rdBlkRegCompleteHandler
		_rd1RegCompleteHandler@i2c1_master_example$F146
		_rd2RegCompleteHandler@i2c1_master_example$F157
		_wr1RegCompleteHandler@i2c1_master_example$F163
		_wr2RegCompleteHandler@i2c1_master_example$F169
		_rdBlkRegCompleteHandler@i2c1_master_example$F180
 This function uses a non-reentrant model


 *************** function _I2C1_SetDataCompleteCallback *****************
 Defined at:
		line 274 in file "mcc_generated_files/i2c1_master.c"
 Parameters:    Size  Location     Type
  cb              2    5[COMMON] PTR FTN(PTR void ,)enum 
		 -> Absolute function(1), rdBlkRegCompleteHandler@i2c1_master_example$F180(1), wr2RegCompleteHandler@i2c1_master_example$F169(1), wr1RegCompleteHandler@i2c1_master_example$F163(1), 
		 -> rd2RegCompleteHandler@i2c1_master_example$F157(1), rd1RegCompleteHandler@i2c1_master_example$F146(1), rdBlkRegCompleteHandler(1), wr2RegCompleteHandler(1), 
		 -> rd2RegCompleteHandler(1), rd1RegCompleteHandler(1), wr1RegCompleteHandler(1), 
  ptr             1    7[COMMON] PTR void 
		 -> I2C1_ReadDataBlock@bufferBlock(3), I2C1_Write2ByteRegister@data(2), I2C1_Write1ByteRegister@data(1), I2C1_Read2ByteRegister@returnValue(2), 
		 -> I2C1_Read1ByteRegister@returnValue(1), i2c_readDataBlock@d(3), i2c_write2ByteRegister@data(2), i2c_read2ByteRegister@result(2), 
		 -> i2c_read1ByteRegister@d2(1), i2c_write1ByteRegister@data(1), NULL(0), 
 Auto vars:     Size  Location     Type
		None
 Return value:  Size  Location     Type
                  1    wreg      void 
 Registers used:
		wreg, fsr1l, fsr1h, status,2, status,0, pclath, cstack
 Tracked objects:
		On entry : 
		On exit  : 
		Unchanged: 
 Data sizes:     COMMON   BANK0   BANK1   BANK2
      Params:         3       0       0       0
      Locals:         0       0       0       0
      Temps:          1       0       0       0
      Totals:         4       0       0       0
Total ram usage:        4 bytes
 Hardware stack levels used:    1
 Hardware stack levels required when called:    1
 This function calls:
		i1_I2C1_SetCallback
 This function is called by:
		_wr1RegCompleteHandler
		_rd1RegCompleteHandler
		_rd2RegCompleteHandler
		_wr2RegCompleteHandler
		_rdBlkRegCompleteHandler
		_rd1RegCompleteHandler@i2c1_master_example$F146
		_rd2RegCompleteHandler@i2c1_master_example$F157
		_wr1RegCompleteHandler@i2c1_master_example$F163
		_wr2RegCompleteHandler@i2c1_master_example$F169
		_rdBlkRegCompleteHandler@i2c1_master_example$F180
		_i2c_write1ByteRegister
		_i2c_read1ByteRegister
		_i2c_read2ByteRegister
		_i2c_write2ByteRegister
		_i2c_readDataBlock
		_I2C1_Read1ByteRegister
		_I2C1_Read2ByteRegister
		_I2C1_Write1ByteRegister
		_I2C1_Write2ByteRegister
		_I2C1_ReadDataBlock
 This function uses a non-reentrant model


 *************** function i1_I2C1_SetCallback *****************
 Defined at:
		line 304 in file "mcc_generated_files/i2c1_master.c"
 Parameters:    Size  Location     Type
  idx             1    wreg     enum E6271
  cb              2    0[COMMON] PTR FTN(PTR void ,)enum 
		 -> Absolute function(1), rdBlkRegCompleteHandler@i2c1_master_example$F180(1), wr2RegCompleteHandler@i2c1_master_example$F169(1), wr1RegCompleteHandler@i2c1_master_example$F163(1), 
		 -> rd2RegCompleteHandler@i2c1_master_example$F157(1), rd1RegCompleteHandler@i2c1_master_example$F146(1), rdBlkRegCompleteHandler(1), wr2RegCompleteHandler(1), 
		 -> rd2RegCompleteHandler(1), rd1RegCompleteHandler(1), wr1RegCompleteHandler(1), 
  ptr             1    2[COMMON] PTR void 
		 -> I2C1_ReadDataBlock@bufferBlock(3), I2C1_Write2ByteRegister@data(2), I2C1_Write1ByteRegister@data(1), I2C1_Read2ByteRegister@returnValue(2), 
		 -> I2C1_Read1ByteRegister@returnValue(1), i2c_readDataBlock@d(3), i2c_write2ByteRegister@data(2), i2c_read2ByteRegister@result(2), 
		 -> i2c_read1ByteRegister@d2(1), i2c_write1ByteRegister@data(1), NULL(0), 
 Auto vars:     Size  Location     Type
  idx             1    4[COMMON] enum E6271
 Return value:  Size  Location     Type
                  1    wreg      void 
 Registers used:
		wreg, fsr1l, fsr1h, status,2, status,0
 Tracked objects:
		On entry : 
		On exit  : 
		Unchanged: 
 Data sizes:     COMMON   BANK0   BANK1   BANK2
      Params:         3       0       0       0
      Locals:         1       0       0       0
      Temps:          1       0       0       0
      Totals:         5       0       0       0
Total ram usage:        5 bytes
 Hardware stack levels used:    1
 This function calls:
		Nothing
 This function is called by:
		_I2C1_SetDataCompleteCallback
 This function uses a non-reentrant model


 *************** function _I2C1_MasterStop *****************
 Defined at:
		line 594 in file "mcc_generated_files/i2c1_master.c"
 Parameters:    Size  Location     Type
		None
 Auto vars:     Size  Location     Type
		None
 Return value:  Size  Location     Type
                  1    wreg      void 
 Registers used:
		None
 Tracked objects:
		On entry : 
		On exit  : 
		Unchanged: 
 Data sizes:     COMMON   BANK0   BANK1   BANK2
      Params:         0       0       0       0
      Locals:         0       0       0       0
      Temps:          0       0       0       0
      Totals:         0       0       0       0
Total ram usage:        0 bytes
 Hardware stack levels used:    1
 This function calls:
		Nothing
 This function is called by:
		_I2C1_DO_SEND_STOP
 This function uses a non-reentrant model


 *************** function _I2C1_MasterEnableRestart *****************
 Defined at:
		line 574 in file "mcc_generated_files/i2c1_master.c"
 Parameters:    Size  Location     Type
		None
 Auto vars:     Size  Location     Type
		None
 Return value:  Size  Location     Type
                  1    wreg      void 
 Registers used:
		None
 Tracked objects:
		On entry : 
		On exit  : 
		Unchanged: 
 Data sizes:     COMMON   BANK0   BANK1   BANK2
      Params:         0       0       0       0
      Locals:         0       0       0       0
      Temps:          0       0       0       0
      Totals:         0       0       0       0
Total ram usage:        0 bytes
 Hardware stack levels used:    1
 This function calls:
		Nothing
 This function is called by:
		_I2C1_DO_SEND_RESTART_READ
		_I2C1_DO_SEND_RESTART_WRITE
		_I2C1_DO_SEND_RESTART
		_I2C1_DO_RX_EMPTY
 This function uses a non-reentrant model



MODULE INFORMATION

Module		Function		Class		Link	Load	Size
mcc_generated_files/examples/i2c1_master_example.c
		_rdBlkRegCompleteHandler@i2c1_master_example$F180		CODE           	045F	0000	27
		_rd1RegCompleteHandler@i2c1_master_example$F146		CODE           	04F1	0000	22
		_rd2RegCompleteHandler@i2c1_master_example$F157		CODE           	04DB	0000	22
		_wr1RegCompleteHandler@i2c1_master_example$F163		CODE           	04C5	0000	22
		_wr2RegCompleteHandler@i2c1_master_example$F169		CODE           	055F	0000	22

mcc_generated_files/examples/i2c1_master_example.c estimated size: 115

mcc_generated_files/i2c1_master.c
		_I2C1_DO_SEND_RESTART		CODE           	0678	0000	5
		_I2C1_DO_TX_EMPTY		CODE           	02B2	0000	47
		_I2C1_DO_SEND_RESTART_READ		CODE           	0682	0000	5
		_I2C1_CallbackReturnStop		CODE           	06C0	0000	2
		_I2C1_DO_RX    		CODE           	018F	0000	71
		_I2C1_DO_TX    		CODE           	00EB	0000	88
		_I2C1_SetAddressNackCallback		CODE           	05A4	0000	14
		_I2C1_DO_IDLE  		CODE           	0687	0000	5
		_I2C1_MasterOpen		CODE           	05CC	0000	13
		_I2C1_DO_RCEN  		CODE           	0631	0000	7
		_I2C1_MasterSendTxData		CODE           	068C	0000	5
		_I2C1_MasterStop		CODE           	06B8	0000	3
		_I2C1_CallbackReturnReset		CODE           	06BE	0000	2
		_I2C1_DO_RESET 		CODE           	065F	0000	5
		_I2C1_MasterStartRx		CODE           	06B5	0000	3
		_I2C1_DO_RX_ACK		CODE           	066E	0000	5
		_I2C1_MasterSendNack		CODE           	0699	0000	4
		_I2C1_DO_RX_NACK_RESTART		CODE           	0664	0000	5
		_I2C1_MasterDisableIrq		CODE           	06A3	0000	3
		_I2C1_MasterOperation		CODE           	0423	0000	32
		_I2C1_SetCallback		CODE           	0393	0000	39
		_I2C1_MasterEnableRestart		CODE           	06BB	0000	3
		_I2C1_Open     		CODE           	0143	0000	76
		_I2C1_DO_ADDRESS_NACK		CODE           	0367	0000	44
		_I2C1_SetBuffer		CODE           	04AE	0000	23
		_I2C1_DO_SEND_RESTART_WRITE		CODE           	067D	0000	5
		_I2C1_MasterClose		CODE           	06A6	0000	3
		_I2C1_MasterWrite		CODE           	0655	0000	5
		_I2C1_Initialize		CODE           	0608	0000	9
		_I2C1_Close    		CODE           	0402	0000	33
		_I2C1_MasterIsNack		CODE           	064A	0000	6
		_I2C1_MasterStart		CODE           	06A0	0000	3
		_I2C1_DO_SEND_ADR_WRITE		CODE           	0622	0000	8
		_I2C1_MasterClearIrq		CODE           	06A9	0000	3
		_I2C1_SetDataCompleteCallback		CODE           	05E6	0000	13
		_I2C1_DO_SEND_STOP		CODE           	0673	0000	5
		_I2C1_MasterSendAck		CODE           	0695	0000	4
		_I2C1_MasterFsm		CODE           	02E1	0000	46
		_I2C1_MasterIsr		CODE           	0691	0000	4
		_I2C1_MasterGetRxData		CODE           	06B2	0000	3
		_I2C1_SetInterruptHandler		CODE           	0644	0000	6
		_I2C1_MasterSetIrq		CODE           	06AF	0000	3
		_I2C1_DO_SEND_ADR_READ		CODE           	0611	0000	9
		_I2C1_MasterEnableIrq		CODE           	069D	0000	3
		_I2C1_DO_RX_NACK_STOP		CODE           	0669	0000	5

mcc_generated_files/i2c1_master.c estimated size: 685

mcc_generated_files/interrupt_manager.c
		_INTERRUPT_InterruptManager		CODE           	0004	0000	33

mcc_generated_files/interrupt_manager.c estimated size: 33

pcf8574.c
		_pcf8574_write 		CODE           	0575	0000	18

pcf8574.c estimated size: 18

mcc_generated_files/pin_manager.c
		_PIN_MANAGER_Initialize		CODE           	0495	0000	25

mcc_generated_files/pin_manager.c estimated size: 25

mcc_generated_files/drivers/i2c_simple_master.c
		_wr1RegCompleteHandler		CODE           	0549	0000	22
		_wr2RegCompleteHandler		CODE           	0507	0000	22
		_i2c_writeNBytes		CODE           	033B	0000	44
		_rdBlkRegCompleteHandler		CODE           	047A	0000	27
		_rd1RegCompleteHandler		CODE           	0533	0000	22
		_rd2RegCompleteHandler		CODE           	051D	0000	22

mcc_generated_files/drivers/i2c_simple_master.c estimated size: 159

shared
		i1_I2C1_SetBuffer		CODE           	0587	0000	15
		i1_I2C1_SetCallback		CODE           	03BA	0000	38
		__initialization		CODE           	0026	0000	24
		_i2c1_fsmStateTable		STRCODE        	0282	0000	32
		i1_I2C1_MasterClearIrq		CODE           	06AC	0000	3

shared estimated size: 112

mcc_generated_files/mcc.c
		_PMD_Initialize		CODE           	061A	0000	8
		_OSCILLATOR_Initialize		CODE           	05FE	0000	10
		_SYSTEM_Initialize		CODE           	05D9	0000	13

mcc_generated_files/mcc.c estimated size: 31

seri_lcd.c
		_lcd_busy      		CODE           	065A	0000	5
		_lcd_command   		CODE           	024C	0000	54
		_lcd_delete    		CODE           	0650	0000	5
		_lcd_start     		CODE           	01D6	0000	60
		_lcd_writeletter		CODE           	030F	0000	44
		_pcf8574_write_wEnable		CODE           	0443	0000	28
		_lcd_go        		CODE           	0212	0000	58
		_lcd_writemessage		CODE           	03E0	0000	34
		_lcd_lighting_ac		CODE           	062A	0000	7

seri_lcd.c estimated size: 295

main.c
		_main          		CODE           	0041	0000	170

main.c estimated size: 170

